╭───────────────────────────────────────────────╮╭───────────────────────────────────────────────╮
│ MODELS  ollama · lm studio  2 on disk         ││ GPU                                           │
│   NAME                   VRAM  TTL          … ││ NVIDIA RTX 4090                               │
│   qwen3:0.6b             1.0G  25m0s        … ││ util 62%  mem 18000/24576 MiB (73%)  71°C     │
│ ▸ qwen3:32b              8.0G  cpu 38% · 4m1… ││ 320W                                          │
│   phi-4                   cpu  —            … ││ util ▅▅  mem ▅▆                               │
╰───────────────────────────────────────────────╯│ models holding 9.0G of 24.0G                  │
                                                 ╰───────────────────────────────────────────────╯
╭────────────────────────────────────────────────────────────────────────────────────────────────╮
│ BY MODEL                                                                                       │
│ MODEL                        REQS  AVG TOK/S       P50       P95 TOKENS OUT                    │
│ qwen3:0.6b                      3       87.7      88.0      88.0        120                    │
│ phi-4                           2       13.6      12.1      12.1         18                    │
│ qwen3:32b                       1       42.3      42.3      42.3        128                    │
╰────────────────────────────────────────────────────────────────────────────────────────────────╯
╭────────────────────────────────────────────────────────────────────────────────────────────────╮
│ TOK/S ▇▂█▇▁▄  42.3 (peak 90 · p50 42 · p95 88)                                                 │
╰────────────────────────────────────────────────────────────────────────────────────────────────╯
  ↑/↓ select · u unload · c requests · i inspect · q quit · proxy on 127.0.0.1:4321 · vtest       