╭───────────────────────────────────────────────╮╭───────────────────────────────────────────────╮
│ MODELS  ollama · lm studio  2 on disk         ││ GPU                                           │
│   NAME                   VRAM  TTL          … ││ NVIDIA RTX 4090                               │
│   qwen3:0.6b             1.0G  25m0s        … ││ util 62%  mem 18000/24576 MiB (73%)  71°C     │
│ ▸ qwen3:32b              8.0G  cpu 38% · 4m1… ││ 320W                                          │
│   phi-4                   cpu  —            … ││ util ▅▅  mem ▅▆                               │
╰───────────────────────────────────────────────╯│ models holding 9.0G of 24.0G                  │
                                                 ╰───────────────────────────────────────────────╯
╭────────────────────────────────────────────────────────────────────────────────────────────────╮
│ REQUESTS                                                                                       │
│ TIME      MODEL                           TOK/S    OUT   PROMPT  TOTAL                         │
│ 12:00:05  qwen3:32b                        42.3    128     3980  910ms  ctx 97%                │
│ 12:00:04  phi-4                            12.1      8     5000  300ms  ctx over, rejected     │
│ 12:00:03  qwen3:0.6b                       88.0     40       50  120ms                         │
│ 12:00:02  qwen3:0.6b                       90.0     42       60  110ms                         │
│ 12:00:01  phi-4                            15.0     10       40  280ms                         │
│ 12:00:00  qwen3:0.6b                       85.0     38       45  120ms                         │
╰────────────────────────────────────────────────────────────────────────────────────────────────╯
╭────────────────────────────────────────────────────────────────────────────────────────────────╮
│ TOK/S ▇▂█▇▁▄  42.3 (peak 90 · p50 42 · p95 88)                                                 │
╰────────────────────────────────────────────────────────────────────────────────────────────────╯
  ↑/↓ select · u unload · c by model · i inspect · q quit · proxy on 127.0.0.1:4321 · vtest       